// Jest Snapshot v1, https://goo.gl/fbAQLP

exports[`Loader component should match snapshot 1`] = `
<DocumentFragment>
  <div
    class="css-1ysydv3"
    data-testid="loader"
  >
    Loading...
  </div>
</DocumentFragment>
`;
