// Jest Snapshot v1, https://goo.gl/fbAQLP

exports[`RadioButton component should match snapshot 1`] = `
<DocumentFragment>
  <div
    class="css-1ursh8z-RadioButton e1xvq25d1"
  >
    <div
      class="css-10vhthi-Bullet e1xvq25d0"
    />
  </div>
</DocumentFragment>
`;
