// Jest Snapshot v1, https://goo.gl/fbAQLP

exports[`CategoryBlock component should match snapshot 1`] = `
<DocumentFragment>
  <article
    class="css-1lu5s7y"
    data-testid="categoryItem-block"
    to="/categories/6989"
  >
    <a
      class="css-1ttiqzk"
      href="/categories/6989"
    >
      <img
        alt="Τεχνολογία"
        class="css-jd31iv"
        src="https://abpcdn.pstatic.gr/P/bpimg128/6989_SX400Y400/1577836800/technology.webp"
      />
      Τεχνολογία
    </a>
  </article>
</DocumentFragment>
`;
