// Jest Snapshot v1, https://goo.gl/fbAQLP

exports[`Footer component should match snapshot 1`] = `
<DocumentFragment>
  <footer
    class="css-1ydo3a8"
    data-testid="footer"
  >
    2020 Â© eDeal
  </footer>
</DocumentFragment>
`;
